[2025-11-19T23:55:51.101+0000] {local_task_job_runner.py:120} INFO - ::group::Pre task execution logs
[2025-11-19T23:55:51.123+0000] {taskinstance.py:2073} INFO - Dependencies all met for dep_context=non-requeueable deps ti=<TaskInstance: sodai_training_and_scoring.generate_predictions manual__2025-11-19T23:49:04+00:00 [queued]>
[2025-11-19T23:55:51.130+0000] {taskinstance.py:2073} INFO - Dependencies all met for dep_context=requeueable deps ti=<TaskInstance: sodai_training_and_scoring.generate_predictions manual__2025-11-19T23:49:04+00:00 [queued]>
[2025-11-19T23:55:51.131+0000] {taskinstance.py:2303} INFO - Starting attempt 2 of 2
[2025-11-19T23:55:51.139+0000] {taskinstance.py:2327} INFO - Executing <Task(PythonOperator): generate_predictions> on 2025-11-19 23:49:04+00:00
[2025-11-19T23:55:51.145+0000] {standard_task_runner.py:90} INFO - Running: ['***', 'tasks', 'run', 'sodai_training_and_scoring', 'generate_predictions', 'manual__2025-11-19T23:49:04+00:00', '--job-id', '75', '--raw', '--subdir', 'DAGS_FOLDER/sodai_pipeline_dag.py', '--cfg-path', '/tmp/tmpzf477nsg']
[2025-11-19T23:55:51.145+0000] {logging_mixin.py:188} WARNING - /home/***/.local/lib/python3.12/site-packages/***/task/task_runner/standard_task_runner.py:61 DeprecationWarning: This process (pid=3308) is multi-threaded, use of fork() may lead to deadlocks in the child.
[2025-11-19T23:55:51.146+0000] {standard_task_runner.py:91} INFO - Job 75: Subtask generate_predictions
[2025-11-19T23:55:51.147+0000] {standard_task_runner.py:63} INFO - Started process 3309 to run task
[2025-11-19T23:55:51.194+0000] {task_command.py:426} INFO - Running <TaskInstance: sodai_training_and_scoring.generate_predictions manual__2025-11-19T23:49:04+00:00 [running]> on host 5e4f749644cd
[2025-11-19T23:55:51.255+0000] {taskinstance.py:2644} INFO - Exporting env vars: AIRFLOW_CTX_DAG_OWNER='data_team' AIRFLOW_CTX_DAG_ID='sodai_training_and_scoring' AIRFLOW_CTX_TASK_ID='generate_predictions' AIRFLOW_CTX_EXECUTION_DATE='2025-11-19T23:49:04+00:00' AIRFLOW_CTX_TRY_NUMBER='2' AIRFLOW_CTX_DAG_RUN_ID='manual__2025-11-19T23:49:04+00:00'
[2025-11-19T23:55:51.256+0000] {taskinstance.py:430} INFO - ::endgroup::
[2025-11-19T23:55:52.661+0000] {logging_mixin.py:188} WARNING - /opt/***/dags/sodai/predict.py:54 SettingWithCopyWarning: 
A value is trying to be set on a copy of a slice from a DataFrame.
Try using .loc[row_indexer,col_indexer] = value instead

See the caveats in the documentation: https://pandas.pydata.org/pandas-docs/stable/user_guide/indexing.html#returning-a-view-versus-a-copy
[2025-11-19T23:55:52.672+0000] {logging_mixin.py:188} WARNING - /opt/***/dags/sodai/predict.py:54 SettingWithCopyWarning: 
A value is trying to be set on a copy of a slice from a DataFrame.
Try using .loc[row_indexer,col_indexer] = value instead

See the caveats in the documentation: https://pandas.pydata.org/pandas-docs/stable/user_guide/indexing.html#returning-a-view-versus-a-copy
[2025-11-19T23:55:52.682+0000] {logging_mixin.py:188} WARNING - /opt/***/dags/sodai/predict.py:54 SettingWithCopyWarning: 
A value is trying to be set on a copy of a slice from a DataFrame.
Try using .loc[row_indexer,col_indexer] = value instead

See the caveats in the documentation: https://pandas.pydata.org/pandas-docs/stable/user_guide/indexing.html#returning-a-view-versus-a-copy
[2025-11-19T23:55:52.698+0000] {logging_mixin.py:188} WARNING - /opt/***/dags/sodai/predict.py:54 SettingWithCopyWarning: 
A value is trying to be set on a copy of a slice from a DataFrame.
Try using .loc[row_indexer,col_indexer] = value instead

See the caveats in the documentation: https://pandas.pydata.org/pandas-docs/stable/user_guide/indexing.html#returning-a-view-versus-a-copy
[2025-11-19T23:55:52.705+0000] {logging_mixin.py:188} WARNING - /opt/***/dags/sodai/predict.py:54 SettingWithCopyWarning: 
A value is trying to be set on a copy of a slice from a DataFrame.
Try using .loc[row_indexer,col_indexer] = value instead

See the caveats in the documentation: https://pandas.pydata.org/pandas-docs/stable/user_guide/indexing.html#returning-a-view-versus-a-copy
[2025-11-19T23:55:52.715+0000] {logging_mixin.py:188} WARNING - /opt/***/dags/sodai/predict.py:54 SettingWithCopyWarning: 
A value is trying to be set on a copy of a slice from a DataFrame.
Try using .loc[row_indexer,col_indexer] = value instead

See the caveats in the documentation: https://pandas.pydata.org/pandas-docs/stable/user_guide/indexing.html#returning-a-view-versus-a-copy
[2025-11-19T23:55:54.437+0000] {logging_mixin.py:188} INFO - primeras filas con prediccion y probabilidad:
[2025-11-19T23:55:54.447+0000] {logging_mixin.py:188} INFO -    customer_id  product_id  compra_siguiente_semana  prediction  prediction_proba
0        25734         124                        0           0          0.010452
1        25734        1304                        0           0          0.317253
2        25734        1304                        0           0          0.239023
3        25734        1370                        1           1          0.739725
4        25734        1370                        1           1          0.760662
[2025-11-19T23:55:54.449+0000] {logging_mixin.py:188} INFO - 
estadisticas de predicciones:
[2025-11-19T23:55:54.449+0000] {logging_mixin.py:188} INFO -   predicciones positivas: 124643 (60.82%)
[2025-11-19T23:55:54.450+0000] {logging_mixin.py:188} INFO -   predicciones negativas: 80302 (39.18%)
[2025-11-19T23:55:54.450+0000] {logging_mixin.py:188} INFO -   probabilidad media: 0.5686
[2025-11-19T23:55:54.451+0000] {logging_mixin.py:188} INFO -   probabilidad std: 0.2811
[2025-11-19T23:55:54.451+0000] {logging_mixin.py:188} INFO - 
resumen de predicciones guardado en:
[2025-11-19T23:55:54.451+0000] {logging_mixin.py:188} INFO - {
  "n_samples": 204945,
  "predictions_positive": 124643,
  "predictions_negative": 80302,
  "probability_mean": 0.5686308741569519,
  "probability_std": 0.2810642421245575,
  "predictions_path": "/opt/***/artifacts/predictions/predicciones.parquet",
  "features_used_for_prediction": [
    "total_ordenes_global",
    "productos_unicos_global",
    "items_totales_global",
    "items_promedio_global",
    "dias_desde_primera_compra",
    "dias_desde_ultima_compra",
    "frecuencia_compra_diaria",
    "diversidad_productos",
    "total_ventas_global",
    "clientes_unicos_global",
    "items_vendidos_global",
    "popularidad_rank",
    "veces_comprado_global",
    "dias_desde_ultima_compra_producto",
    "items_promedio_producto",
    "size",
    "size_log1p",
    "segment_ordinal",
    "X",
    "Y",
    "distancia_al_centro",
    "mes_sin",
    "mes_cos",
    "dia_semana_sin",
    "dia_semana_cos",
    "semana_del_año",
    "num_deliver_per_week",
    "category",
    "sub_category",
    "package",
    "size_categoria",
    "trimestre",
    "dia_semana",
    "mes",
    "segment",
    "brand",
    "customer_type",
    "compro_este_producto_antes",
    "es_fin_semana",
    "es_lunes_jueves",
    "es_temporada_alta",
    "es_temporada_baja"
  ]
}
[2025-11-19T23:55:54.457+0000] {python.py:237} INFO - Done. Returned value was: None
[2025-11-19T23:55:54.458+0000] {taskinstance.py:441} INFO - ::group::Post task execution logs
[2025-11-19T23:55:54.463+0000] {taskinstance.py:1205} INFO - Marking task as SUCCESS. dag_id=sodai_training_and_scoring, task_id=generate_predictions, execution_date=20251119T234904, start_date=20251119T235551, end_date=20251119T235554
[2025-11-19T23:55:54.494+0000] {local_task_job_runner.py:240} INFO - Task exited with return code 0
[2025-11-19T23:55:54.509+0000] {taskinstance.py:3482} INFO - 0 downstream tasks scheduled from follow-on schedule check
[2025-11-19T23:55:54.511+0000] {local_task_job_runner.py:222} INFO - ::endgroup::
