[2025-11-18T15:55:00.451+0000] {local_task_job_runner.py:120} INFO - ::group::Pre task execution logs
[2025-11-18T15:55:00.479+0000] {taskinstance.py:2073} INFO - Dependencies all met for dep_context=non-requeueable deps ti=<TaskInstance: sodai_training_and_scoring.build_dataset manual__2025-11-18T15:54:59.490513+00:00 [queued]>
[2025-11-18T15:55:00.487+0000] {taskinstance.py:2073} INFO - Dependencies all met for dep_context=requeueable deps ti=<TaskInstance: sodai_training_and_scoring.build_dataset manual__2025-11-18T15:54:59.490513+00:00 [queued]>
[2025-11-18T15:55:00.490+0000] {taskinstance.py:2303} INFO - Starting attempt 1 of 1
[2025-11-18T15:55:00.500+0000] {taskinstance.py:2327} INFO - Executing <Task(PythonOperator): build_dataset> on 2025-11-18 15:54:59.490513+00:00
[2025-11-18T15:55:00.505+0000] {logging_mixin.py:188} WARNING - /home/***/.local/lib/python3.12/site-packages/***/task/task_runner/standard_task_runner.py:61 DeprecationWarning: This process (pid=223) is multi-threaded, use of fork() may lead to deadlocks in the child.
[2025-11-18T15:55:00.506+0000] {standard_task_runner.py:63} INFO - Started process 224 to run task
[2025-11-18T15:55:00.505+0000] {standard_task_runner.py:90} INFO - Running: ['***', 'tasks', 'run', 'sodai_training_and_scoring', 'build_dataset', 'manual__2025-11-18T15:54:59.490513+00:00', '--job-id', '3', '--raw', '--subdir', 'DAGS_FOLDER/sodai_pipeline_dag.py', '--cfg-path', '/tmp/tmpbtuefjyb']
[2025-11-18T15:55:00.507+0000] {standard_task_runner.py:91} INFO - Job 3: Subtask build_dataset
[2025-11-18T15:55:00.565+0000] {task_command.py:426} INFO - Running <TaskInstance: sodai_training_and_scoring.build_dataset manual__2025-11-18T15:54:59.490513+00:00 [running]> on host d619a904f7a8
[2025-11-18T15:55:00.632+0000] {taskinstance.py:2644} INFO - Exporting env vars: AIRFLOW_CTX_DAG_OWNER='vergara' AIRFLOW_CTX_DAG_ID='sodai_training_and_scoring' AIRFLOW_CTX_TASK_ID='build_dataset' AIRFLOW_CTX_EXECUTION_DATE='2025-11-18T15:54:59.490513+00:00' AIRFLOW_CTX_TRY_NUMBER='1' AIRFLOW_CTX_DAG_RUN_ID='manual__2025-11-18T15:54:59.490513+00:00'
[2025-11-18T15:55:00.633+0000] {taskinstance.py:430} INFO - ::endgroup::
[2025-11-18T15:55:01.148+0000] {taskinstance.py:441} INFO - ::group::Post task execution logs
[2025-11-18T15:55:01.149+0000] {taskinstance.py:2890} ERROR - Task failed with exception
Traceback (most recent call last):
  File "/home/airflow/.local/lib/python3.12/site-packages/airflow/models/taskinstance.py", line 465, in _execute_task
    result = _execute_callable(context=context, **execute_callable_kwargs)
             ^^^^^^^^^^^^^^^^^^^^^^^^^^^^^^^^^^^^^^^^^^^^^^^^^^^^^^^^^^^^^
  File "/home/airflow/.local/lib/python3.12/site-packages/airflow/models/taskinstance.py", line 432, in _execute_callable
    return execute_callable(context=context, **execute_callable_kwargs)
           ^^^^^^^^^^^^^^^^^^^^^^^^^^^^^^^^^^^^^^^^^^^^^^^^^^^^^^^^^^^^
  File "/home/airflow/.local/lib/python3.12/site-packages/airflow/models/baseoperator.py", line 400, in wrapper
    return func(self, *args, **kwargs)
           ^^^^^^^^^^^^^^^^^^^^^^^^^^^
  File "/home/airflow/.local/lib/python3.12/site-packages/airflow/operators/python.py", line 235, in execute
    return_value = self.execute_callable()
                   ^^^^^^^^^^^^^^^^^^^^^^^
  File "/home/airflow/.local/lib/python3.12/site-packages/airflow/operators/python.py", line 252, in execute_callable
    return self.python_callable(*self.op_args, **self.op_kwargs)
           ^^^^^^^^^^^^^^^^^^^^^^^^^^^^^^^^^^^^^^^^^^^^^^^^^^^^^
  File "/opt/airflow/dags/sodai_pipeline_dag.py", line 7, in _build_dataset
    from sodai import data_io, features
  File "/opt/airflow/dags/sodai/data_io.py", line 5, in <module>
    from .config import (
ImportError: cannot import name 'CLIENTES_PATH' from 'sodai.config' (/opt/airflow/dags/sodai/config.py)
[2025-11-18T15:55:01.172+0000] {taskinstance.py:1205} INFO - Marking task as FAILED. dag_id=sodai_training_and_scoring, task_id=build_dataset, execution_date=20251118T155459, start_date=20251118T155500, end_date=20251118T155501
[2025-11-18T15:55:01.182+0000] {standard_task_runner.py:110} ERROR - Failed to execute job 3 for task build_dataset (cannot import name 'CLIENTES_PATH' from 'sodai.config' (/opt/airflow/dags/sodai/config.py); 224)
[2025-11-18T15:55:01.217+0000] {local_task_job_runner.py:240} INFO - Task exited with return code 1
[2025-11-18T15:55:01.233+0000] {taskinstance.py:3482} INFO - 0 downstream tasks scheduled from follow-on schedule check
[2025-11-18T15:55:01.238+0000] {local_task_job_runner.py:222} INFO - ::endgroup::
