[2025-11-18T20:46:01.399+0000] {local_task_job_runner.py:120} INFO - ::group::Pre task execution logs
[2025-11-18T20:46:01.422+0000] {taskinstance.py:2073} INFO - Dependencies all met for dep_context=non-requeueable deps ti=<TaskInstance: sodai_training_and_scoring.generate_predictions manual__2025-11-18T15:54:59.490513+00:00 [queued]>
[2025-11-18T20:46:01.430+0000] {taskinstance.py:2073} INFO - Dependencies all met for dep_context=requeueable deps ti=<TaskInstance: sodai_training_and_scoring.generate_predictions manual__2025-11-18T15:54:59.490513+00:00 [queued]>
[2025-11-18T20:46:01.431+0000] {taskinstance.py:2303} INFO - Starting attempt 1 of 1
[2025-11-18T20:46:01.439+0000] {taskinstance.py:2327} INFO - Executing <Task(PythonOperator): generate_predictions> on 2025-11-18 15:54:59.490513+00:00
[2025-11-18T20:46:01.444+0000] {standard_task_runner.py:90} INFO - Running: ['***', 'tasks', 'run', 'sodai_training_and_scoring', 'generate_predictions', 'manual__2025-11-18T15:54:59.490513+00:00', '--job-id', '18', '--raw', '--subdir', 'DAGS_FOLDER/sodai_pipeline_dag.py', '--cfg-path', '/tmp/tmpnhdct28w']
[2025-11-18T20:46:01.445+0000] {logging_mixin.py:188} WARNING - /home/***/.local/lib/python3.12/site-packages/***/task/task_runner/standard_task_runner.py:61 DeprecationWarning: This process (pid=1359) is multi-threaded, use of fork() may lead to deadlocks in the child.
[2025-11-18T20:46:01.452+0000] {standard_task_runner.py:91} INFO - Job 18: Subtask generate_predictions
[2025-11-18T20:46:01.453+0000] {standard_task_runner.py:63} INFO - Started process 1363 to run task
[2025-11-18T20:46:01.503+0000] {task_command.py:426} INFO - Running <TaskInstance: sodai_training_and_scoring.generate_predictions manual__2025-11-18T15:54:59.490513+00:00 [running]> on host d619a904f7a8
[2025-11-18T20:46:01.561+0000] {taskinstance.py:2644} INFO - Exporting env vars: AIRFLOW_CTX_DAG_OWNER='vergara' AIRFLOW_CTX_DAG_ID='sodai_training_and_scoring' AIRFLOW_CTX_TASK_ID='generate_predictions' AIRFLOW_CTX_EXECUTION_DATE='2025-11-18T15:54:59.490513+00:00' AIRFLOW_CTX_TRY_NUMBER='1' AIRFLOW_CTX_DAG_RUN_ID='manual__2025-11-18T15:54:59.490513+00:00'
[2025-11-18T20:46:01.565+0000] {taskinstance.py:430} INFO - ::endgroup::
[2025-11-18T20:46:01.962+0000] {taskinstance.py:441} INFO - ::group::Post task execution logs
[2025-11-18T20:46:01.962+0000] {taskinstance.py:2890} ERROR - Task failed with exception
Traceback (most recent call last):
  File "/home/airflow/.local/lib/python3.12/site-packages/airflow/models/taskinstance.py", line 465, in _execute_task
    result = _execute_callable(context=context, **execute_callable_kwargs)
             ^^^^^^^^^^^^^^^^^^^^^^^^^^^^^^^^^^^^^^^^^^^^^^^^^^^^^^^^^^^^^
  File "/home/airflow/.local/lib/python3.12/site-packages/airflow/models/taskinstance.py", line 432, in _execute_callable
    return execute_callable(context=context, **execute_callable_kwargs)
           ^^^^^^^^^^^^^^^^^^^^^^^^^^^^^^^^^^^^^^^^^^^^^^^^^^^^^^^^^^^^
  File "/home/airflow/.local/lib/python3.12/site-packages/airflow/models/baseoperator.py", line 400, in wrapper
    return func(self, *args, **kwargs)
           ^^^^^^^^^^^^^^^^^^^^^^^^^^^
  File "/home/airflow/.local/lib/python3.12/site-packages/airflow/operators/python.py", line 235, in execute
    return_value = self.execute_callable()
                   ^^^^^^^^^^^^^^^^^^^^^^^
  File "/home/airflow/.local/lib/python3.12/site-packages/airflow/operators/python.py", line 252, in execute_callable
    return self.python_callable(*self.op_args, **self.op_kwargs)
           ^^^^^^^^^^^^^^^^^^^^^^^^^^^^^^^^^^^^^^^^^^^^^^^^^^^^^
  File "/opt/airflow/dags/sodai_pipeline_dag.py", line 55, in _generate_predictions
    from sodai import predict
  File "/opt/airflow/dags/sodai/predict.py", line 5, in <module>
    from .config import (
ImportError: cannot import name 'CLIENT_ID_COL' from 'sodai.config' (/opt/airflow/dags/sodai/config.py)
[2025-11-18T20:46:01.972+0000] {taskinstance.py:1205} INFO - Marking task as FAILED. dag_id=sodai_training_and_scoring, task_id=generate_predictions, execution_date=20251118T155459, start_date=20251118T204601, end_date=20251118T204601
[2025-11-18T20:46:01.978+0000] {standard_task_runner.py:110} ERROR - Failed to execute job 18 for task generate_predictions (cannot import name 'CLIENT_ID_COL' from 'sodai.config' (/opt/airflow/dags/sodai/config.py); 1363)
[2025-11-18T20:46:01.989+0000] {local_task_job_runner.py:240} INFO - Task exited with return code 1
[2025-11-18T20:46:02.000+0000] {taskinstance.py:3482} INFO - 0 downstream tasks scheduled from follow-on schedule check
[2025-11-18T20:46:02.004+0000] {local_task_job_runner.py:222} INFO - ::endgroup::
