[2025-11-18T20:54:46.427+0000] {local_task_job_runner.py:120} INFO - ::group::Pre task execution logs
[2025-11-18T20:54:46.461+0000] {taskinstance.py:2073} INFO - Dependencies all met for dep_context=non-requeueable deps ti=<TaskInstance: sodai_training_and_scoring.generate_predictions manual__2025-11-18T15:54:59.490513+00:00 [queued]>
[2025-11-18T20:54:46.468+0000] {taskinstance.py:2073} INFO - Dependencies all met for dep_context=requeueable deps ti=<TaskInstance: sodai_training_and_scoring.generate_predictions manual__2025-11-18T15:54:59.490513+00:00 [queued]>
[2025-11-18T20:54:46.469+0000] {taskinstance.py:2303} INFO - Starting attempt 2 of 2
[2025-11-18T20:54:46.479+0000] {taskinstance.py:2327} INFO - Executing <Task(PythonOperator): generate_predictions> on 2025-11-18 15:54:59.490513+00:00
[2025-11-18T20:54:46.484+0000] {logging_mixin.py:188} WARNING - /home/***/.local/lib/python3.12/site-packages/***/task/task_runner/standard_task_runner.py:61 DeprecationWarning: This process (pid=1537) is multi-threaded, use of fork() may lead to deadlocks in the child.
[2025-11-18T20:54:46.486+0000] {standard_task_runner.py:63} INFO - Started process 1538 to run task
[2025-11-18T20:54:46.484+0000] {standard_task_runner.py:90} INFO - Running: ['***', 'tasks', 'run', 'sodai_training_and_scoring', 'generate_predictions', 'manual__2025-11-18T15:54:59.490513+00:00', '--job-id', '19', '--raw', '--subdir', 'DAGS_FOLDER/sodai_pipeline_dag.py', '--cfg-path', '/tmp/tmpe42a9cpj']
[2025-11-18T20:54:46.486+0000] {standard_task_runner.py:91} INFO - Job 19: Subtask generate_predictions
[2025-11-18T20:54:46.531+0000] {task_command.py:426} INFO - Running <TaskInstance: sodai_training_and_scoring.generate_predictions manual__2025-11-18T15:54:59.490513+00:00 [running]> on host d619a904f7a8
[2025-11-18T20:54:46.594+0000] {taskinstance.py:2644} INFO - Exporting env vars: AIRFLOW_CTX_DAG_OWNER='vergara' AIRFLOW_CTX_DAG_ID='sodai_training_and_scoring' AIRFLOW_CTX_TASK_ID='generate_predictions' AIRFLOW_CTX_EXECUTION_DATE='2025-11-18T15:54:59.490513+00:00' AIRFLOW_CTX_TRY_NUMBER='2' AIRFLOW_CTX_DAG_RUN_ID='manual__2025-11-18T15:54:59.490513+00:00'
[2025-11-18T20:54:46.595+0000] {taskinstance.py:430} INFO - ::endgroup::
[2025-11-18T20:54:56.815+0000] {logging_mixin.py:188} WARNING - /home/***/.local/lib/python3.12/site-packages/sklearn/ensemble/_base.py:168 UserWarning: Loky-backed parallel loops cannot be called in a multiprocessing, setting n_jobs=1
[2025-11-18T20:55:04.314+0000] {logging_mixin.py:188} INFO - Primeras filas con predicción:
[2025-11-18T20:55:04.321+0000] {logging_mixin.py:188} INFO -    customer_id  product_id  order_id purchase_date     items  region_id  zone_id customer_type          Y           X  num_deliver_per_week  num_visit_per_week     brand              category sub_category  segment  package  size  prediction
0        61353       61364    411145    2024-04-27 -0.333333         80     5148     ABARROTES -46.558718 -107.860564                     3                   1  Brand 35  BEBIDAS CARBONATADAS     GASEOSAS   MEDIUM  BOTELLA  1.00    0.358667
1        61899        1370    411156    2024-04-27  3.666667         80     5148     MAYORISTA -46.557632 -107.896470                     3                   1  Brand 34  BEBIDAS CARBONATADAS     GASEOSAS   MEDIUM  BOTELLA  1.00    3.158889
2       154077       30500    417911    2024-04-29  2.333333         80     5148     ABARROTES -46.543598 -107.874170                     3                   1  Brand 31  BEBIDAS CARBONATADAS     GASEOSAS  PREMIUM     LATA  0.31    1.980000
3       164337       56714    418100    2024-04-29 -2.333333         80     5148     ABARROTES -46.549960 -107.863088                     3                   1  Brand 31  BEBIDAS CARBONATADAS     GASEOSAS  PREMIUM  BOTELLA  0.66    0.343111
4       172056       61672    407162    2024-04-26  1.000000         80     5148     MAYORISTA -46.564528 -107.927651                     4                   1  Brand 34  BEBIDAS CARBONATADAS     GASEOSAS   MEDIUM     LATA  0.25    1.413333
[2025-11-18T20:55:04.322+0000] {logging_mixin.py:188} INFO - Resumen de predicciones (predict.py):
[2025-11-18T20:55:04.327+0000] {logging_mixin.py:188} INFO - {
  "n_samples": 254936,
  "columns": [
    "customer_id",
    "product_id",
    "order_id",
    "purchase_date",
    "items",
    "region_id",
    "zone_id",
    "customer_type",
    "Y",
    "X",
    "num_deliver_per_week",
    "num_visit_per_week",
    "brand",
    "category",
    "sub_category",
    "segment",
    "package",
    "size",
    "prediction"
  ],
  "predictions_path": "/opt/***/artifacts/predictions/predicciones.parquet",
  "features_used_for_prediction": [
    "customer_id",
    "product_id",
    "order_id",
    "region_id",
    "zone_id",
    "Y",
    "X",
    "num_deliver_per_week",
    "num_visit_per_week",
    "size"
  ]
}
[2025-11-18T20:55:04.364+0000] {python.py:237} INFO - Done. Returned value was: None
[2025-11-18T20:55:04.365+0000] {taskinstance.py:441} INFO - ::group::Post task execution logs
[2025-11-18T20:55:04.387+0000] {taskinstance.py:1205} INFO - Marking task as SUCCESS. dag_id=sodai_training_and_scoring, task_id=generate_predictions, execution_date=20251118T155459, start_date=20251118T205446, end_date=20251118T205504
[2025-11-18T20:55:04.462+0000] {local_task_job_runner.py:240} INFO - Task exited with return code 0
[2025-11-18T20:55:04.473+0000] {taskinstance.py:3482} INFO - 0 downstream tasks scheduled from follow-on schedule check
[2025-11-18T20:55:04.474+0000] {local_task_job_runner.py:222} INFO - ::endgroup::
