[2025-11-18T22:15:54.679+0000] {local_task_job_runner.py:120} INFO - ::group::Pre task execution logs
[2025-11-18T22:15:54.700+0000] {taskinstance.py:2073} INFO - Dependencies all met for dep_context=non-requeueable deps ti=<TaskInstance: sodai_training_and_scoring.train_model manual__2025-11-18T22:15:51.767676+00:00 [queued]>
[2025-11-18T22:15:54.705+0000] {taskinstance.py:2073} INFO - Dependencies all met for dep_context=requeueable deps ti=<TaskInstance: sodai_training_and_scoring.train_model manual__2025-11-18T22:15:51.767676+00:00 [queued]>
[2025-11-18T22:15:54.706+0000] {taskinstance.py:2303} INFO - Starting attempt 1 of 1
[2025-11-18T22:15:54.714+0000] {taskinstance.py:2327} INFO - Executing <Task(PythonOperator): train_model> on 2025-11-18 22:15:51.767676+00:00
[2025-11-18T22:15:54.719+0000] {logging_mixin.py:188} WARNING - /home/***/.local/lib/python3.12/site-packages/***/task/task_runner/standard_task_runner.py:61 DeprecationWarning: This process (pid=3425) is multi-threaded, use of fork() may lead to deadlocks in the child.
[2025-11-18T22:15:54.719+0000] {standard_task_runner.py:90} INFO - Running: ['***', 'tasks', 'run', 'sodai_training_and_scoring', 'train_model', 'manual__2025-11-18T22:15:51.767676+00:00', '--job-id', '26', '--raw', '--subdir', 'DAGS_FOLDER/sodai_pipeline_dag.py', '--cfg-path', '/tmp/tmpc3xds63k']
[2025-11-18T22:15:54.720+0000] {standard_task_runner.py:63} INFO - Started process 3426 to run task
[2025-11-18T22:15:54.720+0000] {standard_task_runner.py:91} INFO - Job 26: Subtask train_model
[2025-11-18T22:15:54.762+0000] {task_command.py:426} INFO - Running <TaskInstance: sodai_training_and_scoring.train_model manual__2025-11-18T22:15:51.767676+00:00 [running]> on host d619a904f7a8
[2025-11-18T22:15:54.822+0000] {taskinstance.py:2644} INFO - Exporting env vars: AIRFLOW_CTX_DAG_OWNER='vergara' AIRFLOW_CTX_DAG_ID='sodai_training_and_scoring' AIRFLOW_CTX_TASK_ID='train_model' AIRFLOW_CTX_EXECUTION_DATE='2025-11-18T22:15:51.767676+00:00' AIRFLOW_CTX_TRY_NUMBER='1' AIRFLOW_CTX_DAG_RUN_ID='manual__2025-11-18T22:15:51.767676+00:00'
[2025-11-18T22:15:54.823+0000] {taskinstance.py:430} INFO - ::endgroup::
[2025-11-18T22:15:56.019+0000] {logging_mixin.py:188} INFO - Columnas recibidas en entrenar_modelo:
[2025-11-18T22:15:56.020+0000] {logging_mixin.py:188} INFO - ['customer_id', 'product_id', 'order_id', 'purchase_date', 'items', 'region_id', 'zone_id', 'customer_type', 'Y', 'X', 'num_deliver_per_week', 'num_visit_per_week', 'brand', 'category', 'sub_category', 'segment', 'package', 'size']
[2025-11-18T22:15:56.020+0000] {logging_mixin.py:188} INFO - Features que se usarán para entrenar:
[2025-11-18T22:15:56.020+0000] {logging_mixin.py:188} INFO - ['customer_id', 'product_id', 'order_id', 'region_id', 'zone_id', 'Y', 'X', 'num_deliver_per_week', 'num_visit_per_week', 'size']
[2025-11-18T22:15:56.332+0000] {logging_mixin.py:188} WARNING - /home/***/.local/lib/python3.12/site-packages/sklearn/ensemble/_base.py:168 UserWarning: Loky-backed parallel loops cannot be called in a multiprocessing, setting n_jobs=1
[2025-11-18T22:15:56.849+0000] {logging_mixin.py:188} INFO - Modelo guardado en: /opt/***/artifacts/models/sodai_model.joblib
[2025-11-18T22:15:56.849+0000] {logging_mixin.py:188} INFO - Métricas guardadas en: /opt/***/artifacts/metrics/sodai_metrics.json
[2025-11-18T22:15:56.850+0000] {logging_mixin.py:188} INFO - Métricas: {'rmse': 7.968189690518249, 'r2': -0.3615617714107189, 'n_train': 3884, 'n_test': 972, 'features_used': ['customer_id', 'product_id', 'order_id', 'region_id', 'zone_id', 'Y', 'X', 'num_deliver_per_week', 'num_visit_per_week', 'size']}
[2025-11-18T22:15:56.851+0000] {python.py:237} INFO - Done. Returned value was: None
[2025-11-18T22:15:56.851+0000] {taskinstance.py:441} INFO - ::group::Post task execution logs
[2025-11-18T22:15:56.857+0000] {taskinstance.py:1205} INFO - Marking task as SUCCESS. dag_id=sodai_training_and_scoring, task_id=train_model, execution_date=20251118T221551, start_date=20251118T221554, end_date=20251118T221556
[2025-11-18T22:15:56.903+0000] {local_task_job_runner.py:240} INFO - Task exited with return code 0
[2025-11-18T22:15:56.920+0000] {taskinstance.py:3482} INFO - 1 downstream tasks scheduled from follow-on schedule check
[2025-11-18T22:15:56.921+0000] {local_task_job_runner.py:222} INFO - ::endgroup::
