[2025-11-19T23:50:46.087+0000] {local_task_job_runner.py:120} INFO - ::group::Pre task execution logs
[2025-11-19T23:50:46.108+0000] {taskinstance.py:2073} INFO - Dependencies all met for dep_context=non-requeueable deps ti=<TaskInstance: sodai_training_and_scoring.evaluate_model manual__2025-11-19T23:49:04+00:00 [queued]>
[2025-11-19T23:50:46.113+0000] {taskinstance.py:2073} INFO - Dependencies all met for dep_context=requeueable deps ti=<TaskInstance: sodai_training_and_scoring.evaluate_model manual__2025-11-19T23:49:04+00:00 [queued]>
[2025-11-19T23:50:46.114+0000] {taskinstance.py:2303} INFO - Starting attempt 1 of 2
[2025-11-19T23:50:46.125+0000] {taskinstance.py:2327} INFO - Executing <Task(PythonOperator): evaluate_model> on 2025-11-19 23:49:04+00:00
[2025-11-19T23:50:46.131+0000] {logging_mixin.py:188} WARNING - /home/***/.local/lib/python3.12/site-packages/***/task/task_runner/standard_task_runner.py:61 DeprecationWarning: This process (pid=3113) is multi-threaded, use of fork() may lead to deadlocks in the child.
[2025-11-19T23:50:46.131+0000] {standard_task_runner.py:90} INFO - Running: ['***', 'tasks', 'run', 'sodai_training_and_scoring', 'evaluate_model', 'manual__2025-11-19T23:49:04+00:00', '--job-id', '73', '--raw', '--subdir', 'DAGS_FOLDER/sodai_pipeline_dag.py', '--cfg-path', '/tmp/tmp0jh2ouvi']
[2025-11-19T23:50:46.132+0000] {standard_task_runner.py:63} INFO - Started process 3114 to run task
[2025-11-19T23:50:46.132+0000] {standard_task_runner.py:91} INFO - Job 73: Subtask evaluate_model
[2025-11-19T23:50:46.175+0000] {task_command.py:426} INFO - Running <TaskInstance: sodai_training_and_scoring.evaluate_model manual__2025-11-19T23:49:04+00:00 [running]> on host 5e4f749644cd
[2025-11-19T23:50:46.229+0000] {taskinstance.py:2644} INFO - Exporting env vars: AIRFLOW_CTX_DAG_OWNER='data_team' AIRFLOW_CTX_DAG_ID='sodai_training_and_scoring' AIRFLOW_CTX_TASK_ID='evaluate_model' AIRFLOW_CTX_EXECUTION_DATE='2025-11-19T23:49:04+00:00' AIRFLOW_CTX_TRY_NUMBER='1' AIRFLOW_CTX_DAG_RUN_ID='manual__2025-11-19T23:49:04+00:00'
[2025-11-19T23:50:46.230+0000] {taskinstance.py:430} INFO - ::endgroup::
[2025-11-19T23:50:47.490+0000] {logging_mixin.py:188} INFO - evaluando modelo con 42 features
[2025-11-19T23:50:47.524+0000] {logging_mixin.py:188} WARNING - /opt/***/dags/sodai/evaluate.py:182 SettingWithCopyWarning: 
A value is trying to be set on a copy of a slice from a DataFrame.
Try using .loc[row_indexer,col_indexer] = value instead

See the caveats in the documentation: https://pandas.pydata.org/pandas-docs/stable/user_guide/indexing.html#returning-a-view-versus-a-copy
[2025-11-19T23:50:47.533+0000] {logging_mixin.py:188} WARNING - /opt/***/dags/sodai/evaluate.py:182 SettingWithCopyWarning: 
A value is trying to be set on a copy of a slice from a DataFrame.
Try using .loc[row_indexer,col_indexer] = value instead

See the caveats in the documentation: https://pandas.pydata.org/pandas-docs/stable/user_guide/indexing.html#returning-a-view-versus-a-copy
[2025-11-19T23:50:47.541+0000] {logging_mixin.py:188} WARNING - /opt/***/dags/sodai/evaluate.py:182 SettingWithCopyWarning: 
A value is trying to be set on a copy of a slice from a DataFrame.
Try using .loc[row_indexer,col_indexer] = value instead

See the caveats in the documentation: https://pandas.pydata.org/pandas-docs/stable/user_guide/indexing.html#returning-a-view-versus-a-copy
[2025-11-19T23:50:47.550+0000] {logging_mixin.py:188} WARNING - /opt/***/dags/sodai/evaluate.py:182 SettingWithCopyWarning: 
A value is trying to be set on a copy of a slice from a DataFrame.
Try using .loc[row_indexer,col_indexer] = value instead

See the caveats in the documentation: https://pandas.pydata.org/pandas-docs/stable/user_guide/indexing.html#returning-a-view-versus-a-copy
[2025-11-19T23:50:47.556+0000] {logging_mixin.py:188} WARNING - /opt/***/dags/sodai/evaluate.py:182 SettingWithCopyWarning: 
A value is trying to be set on a copy of a slice from a DataFrame.
Try using .loc[row_indexer,col_indexer] = value instead

See the caveats in the documentation: https://pandas.pydata.org/pandas-docs/stable/user_guide/indexing.html#returning-a-view-versus-a-copy
[2025-11-19T23:50:47.564+0000] {logging_mixin.py:188} WARNING - /opt/***/dags/sodai/evaluate.py:182 SettingWithCopyWarning: 
A value is trying to be set on a copy of a slice from a DataFrame.
Try using .loc[row_indexer,col_indexer] = value instead

See the caveats in the documentation: https://pandas.pydata.org/pandas-docs/stable/user_guide/indexing.html#returning-a-view-versus-a-copy
[2025-11-19T23:50:48.585+0000] {logging_mixin.py:188} INFO - metricas de evaluacion:
[2025-11-19T23:50:48.586+0000] {logging_mixin.py:188} INFO -   accuracy: 0.7248
[2025-11-19T23:50:48.586+0000] {logging_mixin.py:188} INFO -   precision: 0.6174
[2025-11-19T23:50:48.586+0000] {logging_mixin.py:188} INFO -   recall: 0.8984
[2025-11-19T23:50:48.587+0000] {logging_mixin.py:188} INFO -   f1-score: 0.7318
[2025-11-19T23:50:48.587+0000] {logging_mixin.py:188} INFO -   roc-auc: 0.8575
[2025-11-19T23:50:48.587+0000] {logging_mixin.py:188} INFO - 
generando analisis de interpretabilidad con shap
[2025-11-19T23:50:48.593+0000] {logging_mixin.py:188} INFO - calculando valores shap (esto puede tardar)
[2025-11-19T23:50:48.645+0000] {logging_mixin.py:188} INFO - error al generar shap: could not convert string to float: '[6.4369E-1]'
[2025-11-19T23:50:48.654+0000] {logging_mixin.py:188} INFO - 
metricas actualizadas en: /opt/***/artifacts/metrics/sodai_metrics.json
[2025-11-19T23:50:48.658+0000] {python.py:237} INFO - Done. Returned value was: None
[2025-11-19T23:50:48.659+0000] {taskinstance.py:441} INFO - ::group::Post task execution logs
[2025-11-19T23:50:48.666+0000] {taskinstance.py:1205} INFO - Marking task as SUCCESS. dag_id=sodai_training_and_scoring, task_id=evaluate_model, execution_date=20251119T234904, start_date=20251119T235046, end_date=20251119T235048
[2025-11-19T23:50:48.725+0000] {local_task_job_runner.py:240} INFO - Task exited with return code 0
[2025-11-19T23:50:48.744+0000] {taskinstance.py:3482} INFO - 1 downstream tasks scheduled from follow-on schedule check
[2025-11-19T23:50:48.747+0000] {local_task_job_runner.py:222} INFO - ::endgroup::
