[2025-11-19T23:49:05.925+0000] {local_task_job_runner.py:120} INFO - ::group::Pre task execution logs
[2025-11-19T23:49:05.954+0000] {taskinstance.py:2073} INFO - Dependencies all met for dep_context=non-requeueable deps ti=<TaskInstance: sodai_training_and_scoring.build_dataset manual__2025-11-19T23:49:04+00:00 [queued]>
[2025-11-19T23:49:05.964+0000] {taskinstance.py:2073} INFO - Dependencies all met for dep_context=requeueable deps ti=<TaskInstance: sodai_training_and_scoring.build_dataset manual__2025-11-19T23:49:04+00:00 [queued]>
[2025-11-19T23:49:05.965+0000] {taskinstance.py:2303} INFO - Starting attempt 1 of 2
[2025-11-19T23:49:05.979+0000] {taskinstance.py:2327} INFO - Executing <Task(PythonOperator): build_dataset> on 2025-11-19 23:49:04+00:00
[2025-11-19T23:49:05.988+0000] {logging_mixin.py:188} WARNING - /home/***/.local/lib/python3.12/site-packages/***/task/task_runner/standard_task_runner.py:61 DeprecationWarning: This process (pid=2935) is multi-threaded, use of fork() may lead to deadlocks in the child.
[2025-11-19T23:49:05.989+0000] {standard_task_runner.py:63} INFO - Started process 2936 to run task
[2025-11-19T23:49:05.988+0000] {standard_task_runner.py:90} INFO - Running: ['***', 'tasks', 'run', 'sodai_training_and_scoring', 'build_dataset', 'manual__2025-11-19T23:49:04+00:00', '--job-id', '70', '--raw', '--subdir', 'DAGS_FOLDER/sodai_pipeline_dag.py', '--cfg-path', '/tmp/tmpokcgzg34']
[2025-11-19T23:49:05.990+0000] {standard_task_runner.py:91} INFO - Job 70: Subtask build_dataset
[2025-11-19T23:49:06.047+0000] {task_command.py:426} INFO - Running <TaskInstance: sodai_training_and_scoring.build_dataset manual__2025-11-19T23:49:04+00:00 [running]> on host 5e4f749644cd
[2025-11-19T23:49:06.125+0000] {taskinstance.py:2644} INFO - Exporting env vars: AIRFLOW_CTX_DAG_OWNER='data_team' AIRFLOW_CTX_DAG_ID='sodai_training_and_scoring' AIRFLOW_CTX_TASK_ID='build_dataset' AIRFLOW_CTX_EXECUTION_DATE='2025-11-19T23:49:04+00:00' AIRFLOW_CTX_TRY_NUMBER='1' AIRFLOW_CTX_DAG_RUN_ID='manual__2025-11-19T23:49:04+00:00'
[2025-11-19T23:49:06.127+0000] {taskinstance.py:430} INFO - ::endgroup::
[2025-11-19T23:49:06.592+0000] {logging_mixin.py:188} INFO - construyendo dataset de modelado...
[2025-11-19T23:49:06.592+0000] {logging_mixin.py:188} INFO -   - limpiando datos...
[2025-11-19T23:49:06.609+0000] {logging_mixin.py:188} INFO -   - agregando transacciones diarias...
[2025-11-19T23:49:06.697+0000] {logging_mixin.py:188} INFO -   - creando variable objetivo compra_siguiente_semana...
[2025-11-19T23:49:10.236+0000] {logging_mixin.py:188} INFO -   - uniendo con datos de clientes y productos...
[2025-11-19T23:49:10.278+0000] {logging_mixin.py:188} INFO -   - creando features de cliente...
[2025-11-19T23:49:10.340+0000] {logging_mixin.py:188} INFO -   - creando features de producto...
[2025-11-19T23:49:10.379+0000] {logging_mixin.py:188} INFO -   - creando features de interaccion...
[2025-11-19T23:49:10.427+0000] {logging_mixin.py:188} INFO -   - creando features temporales...
[2025-11-19T23:49:10.457+0000] {logging_mixin.py:188} INFO -   - aplicando transformaciones de producto...
[2025-11-19T23:49:10.487+0000] {logging_mixin.py:188} INFO - 
dataset de modelado creado: (204945, 49)
[2025-11-19T23:49:10.488+0000] {logging_mixin.py:188} INFO - balance del target: 41.80%
[2025-11-19T23:49:11.092+0000] {python.py:237} INFO - Done. Returned value was: None
[2025-11-19T23:49:11.093+0000] {taskinstance.py:441} INFO - ::group::Post task execution logs
[2025-11-19T23:49:11.102+0000] {taskinstance.py:1205} INFO - Marking task as SUCCESS. dag_id=sodai_training_and_scoring, task_id=build_dataset, execution_date=20251119T234904, start_date=20251119T234905, end_date=20251119T234911
[2025-11-19T23:49:11.130+0000] {local_task_job_runner.py:240} INFO - Task exited with return code 0
[2025-11-19T23:49:11.149+0000] {taskinstance.py:3482} INFO - 1 downstream tasks scheduled from follow-on schedule check
[2025-11-19T23:49:11.151+0000] {local_task_job_runner.py:222} INFO - ::endgroup::
