[2025-11-18T22:16:00.100+0000] {local_task_job_runner.py:120} INFO - ::group::Pre task execution logs
[2025-11-18T22:16:00.122+0000] {taskinstance.py:2073} INFO - Dependencies all met for dep_context=non-requeueable deps ti=<TaskInstance: sodai_training_and_scoring.check_drift manual__2025-11-18T22:15:51.767676+00:00 [queued]>
[2025-11-18T22:16:00.131+0000] {taskinstance.py:2073} INFO - Dependencies all met for dep_context=requeueable deps ti=<TaskInstance: sodai_training_and_scoring.check_drift manual__2025-11-18T22:15:51.767676+00:00 [queued]>
[2025-11-18T22:16:00.132+0000] {taskinstance.py:2303} INFO - Starting attempt 1 of 1
[2025-11-18T22:16:00.140+0000] {taskinstance.py:2327} INFO - Executing <Task(PythonOperator): check_drift> on 2025-11-18 22:15:51.767676+00:00
[2025-11-18T22:16:00.146+0000] {logging_mixin.py:188} WARNING - /home/***/.local/lib/python3.12/site-packages/***/task/task_runner/standard_task_runner.py:61 DeprecationWarning: This process (pid=3538) is multi-threaded, use of fork() may lead to deadlocks in the child.
[2025-11-18T22:16:00.147+0000] {standard_task_runner.py:63} INFO - Started process 3539 to run task
[2025-11-18T22:16:00.146+0000] {standard_task_runner.py:90} INFO - Running: ['***', 'tasks', 'run', 'sodai_training_and_scoring', 'check_drift', 'manual__2025-11-18T22:15:51.767676+00:00', '--job-id', '28', '--raw', '--subdir', 'DAGS_FOLDER/sodai_pipeline_dag.py', '--cfg-path', '/tmp/tmpfvrutfal']
[2025-11-18T22:16:00.148+0000] {standard_task_runner.py:91} INFO - Job 28: Subtask check_drift
[2025-11-18T22:16:00.194+0000] {task_command.py:426} INFO - Running <TaskInstance: sodai_training_and_scoring.check_drift manual__2025-11-18T22:15:51.767676+00:00 [running]> on host d619a904f7a8
[2025-11-18T22:16:00.258+0000] {taskinstance.py:2644} INFO - Exporting env vars: AIRFLOW_CTX_DAG_OWNER='vergara' AIRFLOW_CTX_DAG_ID='sodai_training_and_scoring' AIRFLOW_CTX_TASK_ID='check_drift' AIRFLOW_CTX_EXECUTION_DATE='2025-11-18T22:15:51.767676+00:00' AIRFLOW_CTX_TRY_NUMBER='1' AIRFLOW_CTX_DAG_RUN_ID='manual__2025-11-18T22:15:51.767676+00:00'
[2025-11-18T22:16:00.259+0000] {taskinstance.py:430} INFO - ::endgroup::
[2025-11-18T22:16:00.707+0000] {logging_mixin.py:188} INFO - Columnas numéricas consideradas para drift:
[2025-11-18T22:16:00.707+0000] {logging_mixin.py:188} INFO - ['customer_id', 'product_id', 'order_id', 'items', 'region_id', 'zone_id', 'Y', 'X', 'num_deliver_per_week', 'num_visit_per_week', 'size']
[2025-11-18T22:16:00.725+0000] {logging_mixin.py:188} INFO - Reporte de drift guardado en: /opt/***/artifacts/drift/drift_report.json
[2025-11-18T22:16:00.726+0000] {python.py:237} INFO - Done. Returned value was: None
[2025-11-18T22:16:00.726+0000] {taskinstance.py:441} INFO - ::group::Post task execution logs
[2025-11-18T22:16:00.732+0000] {taskinstance.py:1205} INFO - Marking task as SUCCESS. dag_id=sodai_training_and_scoring, task_id=check_drift, execution_date=20251118T221551, start_date=20251118T221600, end_date=20251118T221600
[2025-11-18T22:16:00.764+0000] {local_task_job_runner.py:240} INFO - Task exited with return code 0
[2025-11-18T22:16:00.778+0000] {taskinstance.py:3482} INFO - 1 downstream tasks scheduled from follow-on schedule check
[2025-11-18T22:16:00.780+0000] {local_task_job_runner.py:222} INFO - ::endgroup::
