[2025-11-18T22:11:10.262+0000] {local_task_job_runner.py:120} INFO - ::group::Pre task execution logs
[2025-11-18T22:11:10.285+0000] {taskinstance.py:2073} INFO - Dependencies all met for dep_context=non-requeueable deps ti=<TaskInstance: sodai_training_and_scoring.check_drift manual__2025-11-18T22:11:02.204812+00:00 [queued]>
[2025-11-18T22:11:10.293+0000] {taskinstance.py:2073} INFO - Dependencies all met for dep_context=requeueable deps ti=<TaskInstance: sodai_training_and_scoring.check_drift manual__2025-11-18T22:11:02.204812+00:00 [queued]>
[2025-11-18T22:11:10.295+0000] {taskinstance.py:2303} INFO - Starting attempt 1 of 1
[2025-11-18T22:11:10.305+0000] {taskinstance.py:2327} INFO - Executing <Task(PythonOperator): check_drift> on 2025-11-18 22:11:02.204812+00:00
[2025-11-18T22:11:10.313+0000] {logging_mixin.py:188} WARNING - /home/***/.local/lib/python3.12/site-packages/***/task/task_runner/standard_task_runner.py:61 DeprecationWarning: This process (pid=3237) is multi-threaded, use of fork() may lead to deadlocks in the child.
[2025-11-18T22:11:10.313+0000] {standard_task_runner.py:90} INFO - Running: ['***', 'tasks', 'run', 'sodai_training_and_scoring', 'check_drift', 'manual__2025-11-18T22:11:02.204812+00:00', '--job-id', '23', '--raw', '--subdir', 'DAGS_FOLDER/sodai_pipeline_dag.py', '--cfg-path', '/tmp/tmpaenkk63r']
[2025-11-18T22:11:10.315+0000] {standard_task_runner.py:63} INFO - Started process 3238 to run task
[2025-11-18T22:11:10.315+0000] {standard_task_runner.py:91} INFO - Job 23: Subtask check_drift
[2025-11-18T22:11:10.363+0000] {task_command.py:426} INFO - Running <TaskInstance: sodai_training_and_scoring.check_drift manual__2025-11-18T22:11:02.204812+00:00 [running]> on host d619a904f7a8
[2025-11-18T22:11:10.426+0000] {taskinstance.py:2644} INFO - Exporting env vars: AIRFLOW_CTX_DAG_OWNER='vergara' AIRFLOW_CTX_DAG_ID='sodai_training_and_scoring' AIRFLOW_CTX_TASK_ID='check_drift' AIRFLOW_CTX_EXECUTION_DATE='2025-11-18T22:11:02.204812+00:00' AIRFLOW_CTX_TRY_NUMBER='1' AIRFLOW_CTX_DAG_RUN_ID='manual__2025-11-18T22:11:02.204812+00:00'
[2025-11-18T22:11:10.430+0000] {taskinstance.py:430} INFO - ::endgroup::
[2025-11-18T22:11:10.930+0000] {logging_mixin.py:188} INFO - Columnas numéricas consideradas para drift:
[2025-11-18T22:11:10.930+0000] {logging_mixin.py:188} INFO - ['customer_id', 'product_id', 'order_id', 'items', 'region_id', 'zone_id', 'Y', 'X', 'num_deliver_per_week', 'num_visit_per_week', 'size']
[2025-11-18T22:11:10.946+0000] {logging_mixin.py:188} INFO - Reporte de drift guardado en: /opt/***/artifacts/drift/drift_report.json
[2025-11-18T22:11:10.947+0000] {python.py:237} INFO - Done. Returned value was: None
[2025-11-18T22:11:10.948+0000] {taskinstance.py:441} INFO - ::group::Post task execution logs
[2025-11-18T22:11:10.954+0000] {taskinstance.py:1205} INFO - Marking task as SUCCESS. dag_id=sodai_training_and_scoring, task_id=check_drift, execution_date=20251118T221102, start_date=20251118T221110, end_date=20251118T221110
[2025-11-18T22:11:10.975+0000] {local_task_job_runner.py:240} INFO - Task exited with return code 0
[2025-11-18T22:11:10.990+0000] {taskinstance.py:3482} INFO - 1 downstream tasks scheduled from follow-on schedule check
[2025-11-18T22:11:10.992+0000] {local_task_job_runner.py:222} INFO - ::endgroup::
