[2025-11-18T16:19:52.084+0000] {local_task_job_runner.py:120} INFO - ::group::Pre task execution logs
[2025-11-18T16:19:52.112+0000] {taskinstance.py:2073} INFO - Dependencies all met for dep_context=non-requeueable deps ti=<TaskInstance: sodai_training_and_scoring.build_dataset __airflow_temporary_run_2025-11-18T16:19:51.116023+00:00__ [queued]>
[2025-11-18T16:19:52.119+0000] {taskinstance.py:2073} INFO - Dependencies all met for dep_context=requeueable deps ti=<TaskInstance: sodai_training_and_scoring.build_dataset __airflow_temporary_run_2025-11-18T16:19:51.116023+00:00__ [queued]>
[2025-11-18T16:19:52.121+0000] {taskinstance.py:2303} INFO - Starting attempt 1 of 1
[2025-11-18T16:19:52.130+0000] {taskinstance.py:2327} INFO - Executing <Task(PythonOperator): build_dataset> on 2025-11-18 00:00:00+00:00
[2025-11-18T16:19:52.140+0000] {logging_mixin.py:188} WARNING - /home/***/.local/lib/python3.12/site-packages/***/task/task_runner/standard_task_runner.py:61 DeprecationWarning: This process (pid=832) is multi-threaded, use of fork() may lead to deadlocks in the child.
[2025-11-18T16:19:52.139+0000] {standard_task_runner.py:90} INFO - Running: ['***', 'tasks', 'run', 'sodai_training_and_scoring', 'build_dataset', '__***_temporary_run_2025-11-18T16:19:51.116023+00:00__', '--job-id', '10', '--raw', '--subdir', 'DAGS_FOLDER/sodai_pipeline_dag.py', '--cfg-path', '/tmp/tmp4kbt2i7j']
[2025-11-18T16:19:52.142+0000] {standard_task_runner.py:63} INFO - Started process 833 to run task
[2025-11-18T16:19:52.143+0000] {standard_task_runner.py:91} INFO - Job 10: Subtask build_dataset
[2025-11-18T16:19:52.194+0000] {task_command.py:426} INFO - Running <TaskInstance: sodai_training_and_scoring.build_dataset __airflow_temporary_run_2025-11-18T16:19:51.116023+00:00__ [running]> on host d619a904f7a8
[2025-11-18T16:19:52.249+0000] {taskinstance.py:2644} INFO - Exporting env vars: AIRFLOW_CTX_DAG_OWNER='vergara' AIRFLOW_CTX_DAG_ID='sodai_training_and_scoring' AIRFLOW_CTX_TASK_ID='build_dataset' AIRFLOW_CTX_EXECUTION_DATE='2025-11-18T00:00:00+00:00' AIRFLOW_CTX_TRY_NUMBER='1' AIRFLOW_CTX_DAG_RUN_ID='__***_temporary_run_2025-11-18T16:19:51.116023+00:00__'
[2025-11-18T16:19:52.250+0000] {taskinstance.py:430} INFO - ::endgroup::
[2025-11-18T16:19:53.126+0000] {taskinstance.py:441} INFO - ::group::Post task execution logs
[2025-11-18T16:19:53.128+0000] {taskinstance.py:2890} ERROR - Task failed with exception
Traceback (most recent call last):
  File "/home/airflow/.local/lib/python3.12/site-packages/airflow/models/taskinstance.py", line 465, in _execute_task
    result = _execute_callable(context=context, **execute_callable_kwargs)
             ^^^^^^^^^^^^^^^^^^^^^^^^^^^^^^^^^^^^^^^^^^^^^^^^^^^^^^^^^^^^^
  File "/home/airflow/.local/lib/python3.12/site-packages/airflow/models/taskinstance.py", line 432, in _execute_callable
    return execute_callable(context=context, **execute_callable_kwargs)
           ^^^^^^^^^^^^^^^^^^^^^^^^^^^^^^^^^^^^^^^^^^^^^^^^^^^^^^^^^^^^
  File "/home/airflow/.local/lib/python3.12/site-packages/airflow/models/baseoperator.py", line 400, in wrapper
    return func(self, *args, **kwargs)
           ^^^^^^^^^^^^^^^^^^^^^^^^^^^
  File "/home/airflow/.local/lib/python3.12/site-packages/airflow/operators/python.py", line 235, in execute
    return_value = self.execute_callable()
                   ^^^^^^^^^^^^^^^^^^^^^^^
  File "/home/airflow/.local/lib/python3.12/site-packages/airflow/operators/python.py", line 252, in execute_callable
    return self.python_callable(*self.op_args, **self.op_kwargs)
           ^^^^^^^^^^^^^^^^^^^^^^^^^^^^^^^^^^^^^^^^^^^^^^^^^^^^^
  File "/opt/airflow/dags/sodai_pipeline_dag.py", line 17, in _build_dataset
    context["ti"].xcom_push(key="dataset_path", value=str(salida))
  File "/home/airflow/.local/lib/python3.12/site-packages/airflow/utils/session.py", line 79, in wrapper
    return func(*args, session=session, **kwargs)
           ^^^^^^^^^^^^^^^^^^^^^^^^^^^^^^^^^^^^^^
  File "/home/airflow/.local/lib/python3.12/site-packages/airflow/models/taskinstance.py", line 3182, in xcom_push
    XCom.set(
  File "/home/airflow/.local/lib/python3.12/site-packages/airflow/utils/session.py", line 76, in wrapper
    return func(*args, **kwargs)
           ^^^^^^^^^^^^^^^^^^^^^
  File "/home/airflow/.local/lib/python3.12/site-packages/airflow/models/xcom.py", line 224, in set
    raise ValueError(f"DAG run not found on DAG {dag_id!r} with ID {run_id!r}")
ValueError: DAG run not found on DAG 'sodai_training_and_scoring' with ID '__***_temporary_run_2025-11-18T16:19:51.116023+00:00__'
[2025-11-18T16:19:53.142+0000] {taskinstance.py:1205} INFO - Marking task as FAILED. dag_id=sodai_training_and_scoring, task_id=build_dataset, execution_date=20251118T000000, start_date=20251118T161952, end_date=20251118T161953
[2025-11-18T16:19:53.151+0000] {standard_task_runner.py:110} ERROR - Failed to execute job 10 for task build_dataset ((psycopg2.errors.ForeignKeyViolation) insert or update on table "task_fail" violates foreign key constraint "task_fail_ti_fkey"
DETAIL:  Key (dag_id, task_id, run_id, map_index)=(sodai_training_and_scoring, build_dataset, __airflow_temporary_run_2025-11-18T16:19:51.116023+00:00__, -1) is not present in table "task_instance".

[SQL: INSERT INTO task_fail (task_id, dag_id, run_id, map_index, start_date, end_date, duration) VALUES (%(task_id)s, %(dag_id)s, %(run_id)s, %(map_index)s, %(start_date)s, %(end_date)s, %(duration)s) RETURNING task_fail.id]
[parameters: {'task_id': 'build_dataset', 'dag_id': 'sodai_training_and_scoring', 'run_id': '__airflow_temporary_run_2025-11-18T16:19:51.116023+00:00__', 'map_index': -1, 'start_date': datetime.datetime(2025, 11, 18, 16, 19, 52, 114216, tzinfo=Timezone('UTC')), 'end_date': datetime.datetime(2025, 11, 18, 16, 19, 53, 141687, tzinfo=Timezone('UTC')), 'duration': 1}]
(Background on this error at: https://sqlalche.me/e/14/gkpj); 833)
[2025-11-18T16:19:53.172+0000] {local_task_job_runner.py:240} INFO - Task exited with return code 1
[2025-11-18T16:19:53.180+0000] {local_task_job_runner.py:222} INFO - ::endgroup::
