[2025-11-19T23:49:11.978+0000] {local_task_job_runner.py:120} INFO - ::group::Pre task execution logs
[2025-11-19T23:49:11.999+0000] {taskinstance.py:2073} INFO - Dependencies all met for dep_context=non-requeueable deps ti=<TaskInstance: sodai_training_and_scoring.check_drift manual__2025-11-19T23:49:04+00:00 [queued]>
[2025-11-19T23:49:12.004+0000] {taskinstance.py:2073} INFO - Dependencies all met for dep_context=requeueable deps ti=<TaskInstance: sodai_training_and_scoring.check_drift manual__2025-11-19T23:49:04+00:00 [queued]>
[2025-11-19T23:49:12.005+0000] {taskinstance.py:2303} INFO - Starting attempt 1 of 2
[2025-11-19T23:49:12.014+0000] {taskinstance.py:2327} INFO - Executing <Task(BranchPythonOperator): check_drift> on 2025-11-19 23:49:04+00:00
[2025-11-19T23:49:12.019+0000] {logging_mixin.py:188} WARNING - /home/***/.local/lib/python3.12/site-packages/***/task/task_runner/standard_task_runner.py:61 DeprecationWarning: This process (pid=2964) is multi-threaded, use of fork() may lead to deadlocks in the child.
[2025-11-19T23:49:12.020+0000] {standard_task_runner.py:63} INFO - Started process 2965 to run task
[2025-11-19T23:49:12.020+0000] {standard_task_runner.py:90} INFO - Running: ['***', 'tasks', 'run', 'sodai_training_and_scoring', 'check_drift', 'manual__2025-11-19T23:49:04+00:00', '--job-id', '71', '--raw', '--subdir', 'DAGS_FOLDER/sodai_pipeline_dag.py', '--cfg-path', '/tmp/tmp5d8jh0rn']
[2025-11-19T23:49:12.022+0000] {standard_task_runner.py:91} INFO - Job 71: Subtask check_drift
[2025-11-19T23:49:12.063+0000] {task_command.py:426} INFO - Running <TaskInstance: sodai_training_and_scoring.check_drift manual__2025-11-19T23:49:04+00:00 [running]> on host 5e4f749644cd
[2025-11-19T23:49:12.127+0000] {taskinstance.py:2644} INFO - Exporting env vars: AIRFLOW_CTX_DAG_OWNER='data_team' AIRFLOW_CTX_DAG_ID='sodai_training_and_scoring' AIRFLOW_CTX_TASK_ID='check_drift' AIRFLOW_CTX_EXECUTION_DATE='2025-11-19T23:49:04+00:00' AIRFLOW_CTX_TRY_NUMBER='1' AIRFLOW_CTX_DAG_RUN_ID='manual__2025-11-19T23:49:04+00:00'
[2025-11-19T23:49:12.127+0000] {taskinstance.py:430} INFO - ::endgroup::
[2025-11-19T23:49:12.136+0000] {baseoperator.py:399} WARNING - BranchPythonOperator.execute cannot be called outside TaskInstance!
[2025-11-19T23:49:12.938+0000] {logging_mixin.py:188} INFO - analizando drift en 39 columnas numericas
[2025-11-19T23:49:12.977+0000] {logging_mixin.py:188} INFO - 
reporte de drift guardado en: /opt/***/artifacts/drift/drift_report.json
[2025-11-19T23:49:12.989+0000] {logging_mixin.py:188} INFO - primera ejecucion detectada - forzando reentrenamiento inicial
[2025-11-19T23:49:12.990+0000] {logging_mixin.py:188} INFO - drift detectado - se procedera a reentrenar modelo
[2025-11-19T23:49:12.990+0000] {python.py:237} INFO - Done. Returned value was: train_model
[2025-11-19T23:49:12.990+0000] {branch.py:36} INFO - Branch into train_model
[2025-11-19T23:49:12.990+0000] {skipmixin.py:178} INFO - Following branch train_model
[2025-11-19T23:49:13.000+0000] {skipmixin.py:246} INFO - Skipping tasks [('skip_training', -1)]
[2025-11-19T23:49:13.016+0000] {taskinstance.py:441} INFO - ::group::Post task execution logs
[2025-11-19T23:49:13.032+0000] {taskinstance.py:1205} INFO - Marking task as SUCCESS. dag_id=sodai_training_and_scoring, task_id=check_drift, execution_date=20251119T234904, start_date=20251119T234911, end_date=20251119T234913
[2025-11-19T23:49:13.083+0000] {local_task_job_runner.py:240} INFO - Task exited with return code 0
[2025-11-19T23:49:13.102+0000] {taskinstance.py:3482} INFO - 1 downstream tasks scheduled from follow-on schedule check
[2025-11-19T23:49:13.104+0000] {local_task_job_runner.py:222} INFO - ::endgroup::
