[2025-11-18T20:33:30.687+0000] {local_task_job_runner.py:120} INFO - ::group::Pre task execution logs
[2025-11-18T20:33:30.717+0000] {taskinstance.py:2073} INFO - Dependencies all met for dep_context=non-requeueable deps ti=<TaskInstance: sodai_training_and_scoring.train_model manual__2025-11-18T15:54:59.490513+00:00 [queued]>
[2025-11-18T20:33:30.723+0000] {taskinstance.py:2073} INFO - Dependencies all met for dep_context=requeueable deps ti=<TaskInstance: sodai_training_and_scoring.train_model manual__2025-11-18T15:54:59.490513+00:00 [queued]>
[2025-11-18T20:33:30.725+0000] {taskinstance.py:2303} INFO - Starting attempt 2 of 2
[2025-11-18T20:33:30.734+0000] {taskinstance.py:2327} INFO - Executing <Task(PythonOperator): train_model> on 2025-11-18 15:54:59.490513+00:00
[2025-11-18T20:33:30.739+0000] {logging_mixin.py:188} WARNING - /home/***/.local/lib/python3.12/site-packages/***/task/task_runner/standard_task_runner.py:61 DeprecationWarning: This process (pid=953) is multi-threaded, use of fork() may lead to deadlocks in the child.
[2025-11-18T20:33:30.739+0000] {standard_task_runner.py:90} INFO - Running: ['***', 'tasks', 'run', 'sodai_training_and_scoring', 'train_model', 'manual__2025-11-18T15:54:59.490513+00:00', '--job-id', '14', '--raw', '--subdir', 'DAGS_FOLDER/sodai_pipeline_dag.py', '--cfg-path', '/tmp/tmpj80__9ze']
[2025-11-18T20:33:30.744+0000] {standard_task_runner.py:63} INFO - Started process 954 to run task
[2025-11-18T20:33:30.744+0000] {standard_task_runner.py:91} INFO - Job 14: Subtask train_model
[2025-11-18T20:33:30.823+0000] {task_command.py:426} INFO - Running <TaskInstance: sodai_training_and_scoring.train_model manual__2025-11-18T15:54:59.490513+00:00 [running]> on host d619a904f7a8
[2025-11-18T20:33:30.889+0000] {taskinstance.py:2644} INFO - Exporting env vars: AIRFLOW_CTX_DAG_OWNER='vergara' AIRFLOW_CTX_DAG_ID='sodai_training_and_scoring' AIRFLOW_CTX_TASK_ID='train_model' AIRFLOW_CTX_EXECUTION_DATE='2025-11-18T15:54:59.490513+00:00' AIRFLOW_CTX_TRY_NUMBER='2' AIRFLOW_CTX_DAG_RUN_ID='manual__2025-11-18T15:54:59.490513+00:00'
[2025-11-18T20:33:30.890+0000] {taskinstance.py:430} INFO - ::endgroup::
[2025-11-18T20:33:32.275+0000] {logging_mixin.py:188} INFO - Columnas recibidas en entrenar_modelo:
[2025-11-18T20:33:32.275+0000] {logging_mixin.py:188} INFO - ['customer_id', 'product_id', 'order_id', 'purchase_date', 'items', 'region_id', 'zone_id', 'customer_type', 'Y', 'X', 'num_deliver_per_week', 'num_visit_per_week', 'brand', 'category', 'sub_category', 'segment', 'package', 'size']
[2025-11-18T20:33:32.329+0000] {logging_mixin.py:188} INFO - Features que se usarán para entrenar:
[2025-11-18T20:33:32.330+0000] {logging_mixin.py:188} INFO - ['customer_id', 'product_id', 'order_id', 'region_id', 'zone_id', 'Y', 'X', 'num_deliver_per_week', 'num_visit_per_week', 'size']
[2025-11-18T20:33:37.891+0000] {logging_mixin.py:188} WARNING - /home/***/.local/lib/python3.12/site-packages/sklearn/ensemble/_base.py:168 UserWarning: Loky-backed parallel loops cannot be called in a multiprocessing, setting n_jobs=1
[2025-11-18T20:33:45.268+0000] {logging_mixin.py:188} INFO - Modelo guardado en: /opt/***/artifacts/models/sodai_model.joblib
[2025-11-18T20:33:45.274+0000] {logging_mixin.py:188} INFO - Métricas guardadas en: /opt/***/artifacts/metrics/sodai_metrics.json
[2025-11-18T20:33:45.275+0000] {logging_mixin.py:188} INFO - Métricas: {'rmse': 11.092462024397461, 'r2': 0.1937002000613296, 'n_train': 203948, 'n_test': 50988, 'features_used': ['customer_id', 'product_id', 'order_id', 'region_id', 'zone_id', 'Y', 'X', 'num_deliver_per_week', 'num_visit_per_week', 'size']}
[2025-11-18T20:33:45.318+0000] {python.py:237} INFO - Done. Returned value was: None
[2025-11-18T20:33:45.319+0000] {taskinstance.py:441} INFO - ::group::Post task execution logs
[2025-11-18T20:33:45.326+0000] {taskinstance.py:1205} INFO - Marking task as SUCCESS. dag_id=sodai_training_and_scoring, task_id=train_model, execution_date=20251118T155459, start_date=20251118T203330, end_date=20251118T203345
[2025-11-18T20:33:45.393+0000] {local_task_job_runner.py:240} INFO - Task exited with return code 0
[2025-11-18T20:33:45.412+0000] {taskinstance.py:3482} INFO - 1 downstream tasks scheduled from follow-on schedule check
[2025-11-18T20:33:45.413+0000] {local_task_job_runner.py:222} INFO - ::endgroup::
